2026-07-17 21:35:56,614 - EduRAG - INFO - This is an info message
2026-07-17 22:00:48,783 - EduRAG - INFO - test
2026-07-17 22:05:08,502 - EduRAG - INFO - 导包成功!!!
2026-07-17 22:09:24,422 - EduRAG - INFO - 导包成功!!!
2026-07-18 14:15:41,030 - EduRAG - ERROR - MySQL连接失败: (1049, "Unknown database 'edu_rag'")
2026-07-18 14:16:45,881 - EduRAG - INFO - MySQL连接成功
2026-07-18 14:26:47,994 - EduRAG - INFO - MySQL连接成功
2026-07-18 14:26:48,485 - EduRAG - INFO - 表创建成功
2026-07-18 14:38:16,235 - EduRAG - INFO - MySQL连接成功
2026-07-18 14:40:05,725 - EduRAG - INFO - 数据插入成功
2026-07-18 14:45:47,212 - EduRAG - INFO - MySQL连接成功
2026-07-18 14:45:47,710 - EduRAG - INFO - 成功获取问题
2026-07-18 14:49:10,441 - EduRAG - INFO - MySQL连接成功
2026-07-18 14:49:32,311 - EduRAG - INFO - MySQL连接成功
2026-07-18 14:49:32,539 - EduRAG - INFO - mysql成功获取answer
2026-07-18 14:50:25,627 - EduRAG - INFO - MySQL连接成功
2026-07-18 14:50:25,866 - EduRAG - INFO - mysql成功获取answer
2026-07-18 14:53:47,772 - EduRAG - INFO - MySQL连接成功
2026-07-18 14:53:47,772 - EduRAG - INFO - MySQL 连接已关闭
2026-07-18 14:58:37,213 - EduRAG - INFO - Redis 连接成功
2026-07-18 15:34:32,669 - EduRAG - INFO - Redis 连接成功
2026-07-18 15:34:35,032 - EduRAG - INFO - MySQL连接成功
2026-07-18 16:34:36,217 - EduRAG - INFO - Redis 连接成功
2026-07-18 16:34:38,082 - EduRAG - INFO - MySQL连接成功
2026-07-18 16:34:40,251 - EduRAG - INFO - 成功获取问题
2026-07-18 16:34:40,251 - EduRAG - INFO - 开始预处理文本
2026-07-18 16:34:40,552 - EduRAG - INFO - 开始预处理文本
2026-07-18 16:34:40,552 - EduRAG - INFO - 开始预处理文本
2026-07-18 16:34:40,552 - EduRAG - INFO - 开始预处理文本
2026-07-18 16:34:40,552 - EduRAG - INFO - 开始预处理文本
2026-07-18 16:34:40,552 - EduRAG - INFO - 开始预处理文本
2026-07-18 16:34:40,553 - EduRAG - INFO - 开始预处理文本
2026-07-18 16:34:40,553 - EduRAG - INFO - 开始预处理文本
2026-07-18 16:34:40,553 - EduRAG - INFO - 开始预处理文本
2026-07-18 16:34:40,553 - EduRAG - INFO - 开始预处理文本
2026-07-18 16:34:40,553 - EduRAG - INFO - 开始预处理文本
2026-07-18 16:34:40,553 - EduRAG - INFO - 开始预处理文本
2026-07-18 16:34:40,553 - EduRAG - INFO - 开始预处理文本
2026-07-18 16:34:40,553 - EduRAG - INFO - 开始预处理文本
2026-07-18 16:34:40,553 - EduRAG - INFO - 开始预处理文本
2026-07-18 16:34:40,553 - EduRAG - INFO - 开始预处理文本
2026-07-18 16:34:40,553 - EduRAG - INFO - 开始预处理文本
2026-07-18 16:34:40,553 - EduRAG - INFO - 开始预处理文本
2026-07-18 16:34:40,553 - EduRAG - INFO - 开始预处理文本
2026-07-18 16:34:40,554 - EduRAG - INFO - 开始预处理文本
2026-07-18 16:34:40,554 - EduRAG - INFO - 开始预处理文本
2026-07-18 16:34:40,554 - EduRAG - INFO - 开始预处理文本
2026-07-18 16:34:40,554 - EduRAG - INFO - 开始预处理文本
2026-07-18 16:34:40,554 - EduRAG - INFO - 开始预处理文本
2026-07-18 16:34:40,554 - EduRAG - INFO - 开始预处理文本
2026-07-18 16:34:40,554 - EduRAG - INFO - 开始预处理文本
2026-07-18 16:34:40,554 - EduRAG - INFO - 开始预处理文本
2026-07-18 16:34:40,554 - EduRAG - INFO - 开始预处理文本
2026-07-18 16:34:40,554 - EduRAG - INFO - 开始预处理文本
2026-07-18 16:34:40,554 - EduRAG - INFO - 开始预处理文本
2026-07-18 16:34:40,554 - EduRAG - INFO - 开始预处理文本
2026-07-18 16:34:40,554 - EduRAG - INFO - 开始预处理文本
2026-07-18 16:34:40,554 - EduRAG - INFO - 开始预处理文本
2026-07-18 16:34:40,554 - EduRAG - INFO - 开始预处理文本
2026-07-18 16:34:40,555 - EduRAG - INFO - 开始预处理文本
2026-07-18 16:34:40,555 - EduRAG - INFO - 开始预处理文本
2026-07-18 16:34:40,555 - EduRAG - INFO - 开始预处理文本
2026-07-18 16:34:40,555 - EduRAG - INFO - 开始预处理文本
2026-07-18 16:34:40,555 - EduRAG - INFO - 开始预处理文本
2026-07-18 16:34:40,555 - EduRAG - INFO - 开始预处理文本
2026-07-18 16:34:40,555 - EduRAG - INFO - 开始预处理文本
2026-07-18 16:34:40,556 - EduRAG - INFO - 开始预处理文本
2026-07-18 16:34:40,556 - EduRAG - INFO - 开始预处理文本
2026-07-18 16:34:40,556 - EduRAG - INFO - 开始预处理文本
2026-07-18 16:34:40,556 - EduRAG - INFO - 开始预处理文本
2026-07-18 16:34:40,556 - EduRAG - INFO - 开始预处理文本
2026-07-18 16:34:40,556 - EduRAG - INFO - 开始预处理文本
2026-07-18 16:34:40,556 - EduRAG - INFO - 开始预处理文本
2026-07-18 16:34:40,556 - EduRAG - INFO - 开始预处理文本
2026-07-18 16:34:40,556 - EduRAG - INFO - 开始预处理文本
2026-07-18 16:34:40,556 - EduRAG - INFO - 开始预处理文本
2026-07-18 16:34:40,556 - EduRAG - INFO - 开始预处理文本
2026-07-18 16:34:40,556 - EduRAG - INFO - 开始预处理文本
2026-07-18 16:34:40,557 - EduRAG - INFO - 开始预处理文本
2026-07-18 16:34:40,557 - EduRAG - INFO - 开始预处理文本
2026-07-18 16:34:40,557 - EduRAG - INFO - 开始预处理文本
2026-07-18 16:34:40,557 - EduRAG - INFO - 开始预处理文本
2026-07-18 16:34:40,557 - EduRAG - INFO - 开始预处理文本
2026-07-18 16:34:40,557 - EduRAG - INFO - 开始预处理文本
2026-07-18 16:34:40,557 - EduRAG - INFO - 开始预处理文本
2026-07-18 16:34:40,557 - EduRAG - INFO - 开始预处理文本
2026-07-18 16:34:40,557 - EduRAG - INFO - 开始预处理文本
2026-07-18 16:34:40,557 - EduRAG - INFO - 开始预处理文本
2026-07-18 16:34:40,557 - EduRAG - INFO - 开始预处理文本
2026-07-18 16:34:40,557 - EduRAG - INFO - 开始预处理文本
2026-07-18 16:34:40,557 - EduRAG - INFO - 开始预处理文本
2026-07-18 16:34:40,557 - EduRAG - INFO - 开始预处理文本
2026-07-18 16:34:40,558 - EduRAG - INFO - 开始预处理文本
2026-07-18 16:34:40,558 - EduRAG - INFO - 开始预处理文本
2026-07-18 16:34:40,558 - EduRAG - INFO - 开始预处理文本
2026-07-18 16:34:40,558 - EduRAG - INFO - 开始预处理文本
2026-07-18 16:34:40,558 - EduRAG - INFO - 开始预处理文本
2026-07-18 16:34:40,558 - EduRAG - INFO - 开始预处理文本
2026-07-18 16:34:40,558 - EduRAG - INFO - 开始预处理文本
2026-07-18 16:34:40,558 - EduRAG - INFO - 开始预处理文本
2026-07-18 16:34:40,558 - EduRAG - INFO - 开始预处理文本
2026-07-18 16:34:40,558 - EduRAG - INFO - 开始预处理文本
2026-07-18 16:34:40,558 - EduRAG - INFO - 开始预处理文本
2026-07-18 16:34:40,558 - EduRAG - INFO - 开始预处理文本
2026-07-18 16:34:40,558 - EduRAG - INFO - 开始预处理文本
2026-07-18 16:34:40,558 - EduRAG - INFO - 开始预处理文本
2026-07-18 16:34:40,559 - EduRAG - INFO - 开始预处理文本
2026-07-18 16:34:40,559 - EduRAG - INFO - 开始预处理文本
2026-07-18 16:34:40,559 - EduRAG - INFO - 开始预处理文本
2026-07-18 16:34:40,559 - EduRAG - INFO - 开始预处理文本
2026-07-18 16:34:40,559 - EduRAG - INFO - 开始预处理文本
2026-07-18 16:34:40,559 - EduRAG - INFO - 开始预处理文本
2026-07-18 16:34:40,559 - EduRAG - INFO - 开始预处理文本
2026-07-18 16:34:40,559 - EduRAG - INFO - 开始预处理文本
2026-07-18 16:34:40,559 - EduRAG - INFO - 开始预处理文本
2026-07-18 16:34:40,559 - EduRAG - INFO - 开始预处理文本
2026-07-18 16:34:40,559 - EduRAG - INFO - 开始预处理文本
2026-07-18 16:34:40,559 - EduRAG - INFO - 开始预处理文本
2026-07-18 16:34:40,560 - EduRAG - INFO - 开始预处理文本
2026-07-18 16:34:40,560 - EduRAG - INFO - 开始预处理文本
2026-07-18 16:34:40,560 - EduRAG - INFO - 开始预处理文本
2026-07-18 16:34:40,560 - EduRAG - INFO - 开始预处理文本
2026-07-18 16:34:40,560 - EduRAG - INFO - 开始预处理文本
2026-07-18 16:34:40,560 - EduRAG - INFO - 开始预处理文本
2026-07-18 16:34:40,560 - EduRAG - INFO - 开始预处理文本
2026-07-18 16:34:40,560 - EduRAG - INFO - 开始预处理文本
2026-07-18 16:34:40,560 - EduRAG - INFO - 开始预处理文本
2026-07-18 16:34:40,560 - EduRAG - INFO - 开始预处理文本
2026-07-18 16:34:40,560 - EduRAG - INFO - 开始预处理文本
2026-07-18 16:34:40,560 - EduRAG - INFO - 开始预处理文本
2026-07-18 16:34:40,560 - EduRAG - INFO - 开始预处理文本
2026-07-18 16:34:40,560 - EduRAG - INFO - 开始预处理文本
2026-07-18 16:34:40,561 - EduRAG - INFO - 开始预处理文本
2026-07-18 16:34:40,561 - EduRAG - INFO - 开始预处理文本
2026-07-18 16:34:40,561 - EduRAG - INFO - 开始预处理文本
2026-07-18 16:34:40,561 - EduRAG - INFO - 开始预处理文本
2026-07-18 16:34:40,561 - EduRAG - INFO - 开始预处理文本
2026-07-18 16:34:40,561 - EduRAG - INFO - 开始预处理文本
2026-07-18 16:34:40,561 - EduRAG - INFO - 开始预处理文本
2026-07-18 16:34:40,561 - EduRAG - INFO - 开始预处理文本
2026-07-18 16:34:40,561 - EduRAG - INFO - 开始预处理文本
2026-07-18 16:34:40,561 - EduRAG - INFO - 开始预处理文本
2026-07-18 16:34:40,561 - EduRAG - INFO - 开始预处理文本
2026-07-18 16:34:40,561 - EduRAG - INFO - 开始预处理文本
2026-07-18 16:34:40,561 - EduRAG - INFO - 开始预处理文本
2026-07-18 16:34:40,561 - EduRAG - INFO - 开始预处理文本
2026-07-18 16:34:40,561 - EduRAG - INFO - 开始预处理文本
2026-07-18 16:34:40,561 - EduRAG - INFO - 开始预处理文本
2026-07-18 16:34:40,561 - EduRAG - INFO - 开始预处理文本
2026-07-18 16:34:40,562 - EduRAG - INFO - 开始预处理文本
2026-07-18 16:34:40,562 - EduRAG - INFO - 开始预处理文本
2026-07-18 16:34:40,562 - EduRAG - INFO - 开始预处理文本
2026-07-18 16:34:40,562 - EduRAG - INFO - 开始预处理文本
2026-07-18 16:34:40,562 - EduRAG - INFO - 开始预处理文本
2026-07-18 16:34:40,562 - EduRAG - INFO - 开始预处理文本
2026-07-18 16:34:40,562 - EduRAG - INFO - 开始预处理文本
2026-07-18 16:34:40,562 - EduRAG - INFO - 开始预处理文本
2026-07-18 16:34:40,562 - EduRAG - INFO - 开始预处理文本
2026-07-18 16:34:40,562 - EduRAG - INFO - 开始预处理文本
2026-07-18 16:34:40,562 - EduRAG - INFO - 开始预处理文本
2026-07-18 16:34:40,562 - EduRAG - INFO - 开始预处理文本
2026-07-18 16:34:40,563 - EduRAG - INFO - 开始预处理文本
2026-07-18 16:34:40,563 - EduRAG - INFO - 开始预处理文本
2026-07-18 16:34:40,563 - EduRAG - INFO - 开始预处理文本
2026-07-18 16:34:40,563 - EduRAG - INFO - 开始预处理文本
2026-07-18 16:34:40,563 - EduRAG - INFO - 开始预处理文本
2026-07-18 16:34:40,563 - EduRAG - INFO - 开始预处理文本
2026-07-18 16:34:40,563 - EduRAG - INFO - 开始预处理文本
2026-07-18 16:34:40,563 - EduRAG - INFO - 开始预处理文本
2026-07-18 16:34:40,563 - EduRAG - INFO - 开始预处理文本
2026-07-18 16:34:40,563 - EduRAG - INFO - 开始预处理文本
2026-07-18 16:34:40,563 - EduRAG - INFO - 开始预处理文本
2026-07-18 16:34:40,564 - EduRAG - INFO - 开始预处理文本
2026-07-18 16:34:40,564 - EduRAG - INFO - 开始预处理文本
2026-07-18 16:34:40,564 - EduRAG - INFO - 开始预处理文本
2026-07-18 16:34:40,564 - EduRAG - INFO - 开始预处理文本
2026-07-18 16:34:40,564 - EduRAG - INFO - 开始预处理文本
2026-07-18 16:34:40,564 - EduRAG - INFO - 开始预处理文本
2026-07-18 16:34:40,564 - EduRAG - INFO - 开始预处理文本
2026-07-18 16:34:40,564 - EduRAG - INFO - 开始预处理文本
2026-07-18 16:34:40,564 - EduRAG - INFO - 开始预处理文本
2026-07-18 16:34:40,564 - EduRAG - INFO - 开始预处理文本
2026-07-18 16:34:40,564 - EduRAG - INFO - 开始预处理文本
2026-07-18 16:34:40,564 - EduRAG - INFO - 开始预处理文本
2026-07-18 16:34:40,564 - EduRAG - INFO - 开始预处理文本
2026-07-18 16:34:40,564 - EduRAG - INFO - 开始预处理文本
2026-07-18 16:34:40,564 - EduRAG - INFO - 开始预处理文本
2026-07-18 16:34:40,564 - EduRAG - INFO - 开始预处理文本
2026-07-18 16:34:40,565 - EduRAG - INFO - 开始预处理文本
2026-07-18 16:34:40,565 - EduRAG - INFO - 开始预处理文本
2026-07-18 16:34:40,565 - EduRAG - INFO - 开始预处理文本
2026-07-18 16:34:40,565 - EduRAG - INFO - 开始预处理文本
2026-07-18 16:34:40,565 - EduRAG - INFO - 开始预处理文本
2026-07-18 16:34:40,565 - EduRAG - INFO - 开始预处理文本
2026-07-18 16:34:40,565 - EduRAG - INFO - 开始预处理文本
2026-07-18 16:34:40,565 - EduRAG - INFO - 开始预处理文本
2026-07-18 16:34:40,565 - EduRAG - INFO - 开始预处理文本
2026-07-18 16:34:40,565 - EduRAG - INFO - 开始预处理文本
2026-07-18 16:34:40,565 - EduRAG - INFO - 开始预处理文本
2026-07-18 16:34:40,565 - EduRAG - INFO - 开始预处理文本
2026-07-18 16:34:40,565 - EduRAG - INFO - 开始预处理文本
2026-07-18 16:34:40,565 - EduRAG - INFO - 开始预处理文本
2026-07-18 16:34:40,565 - EduRAG - INFO - 开始预处理文本
2026-07-18 16:34:40,565 - EduRAG - INFO - 开始预处理文本
2026-07-18 16:34:40,566 - EduRAG - INFO - 开始预处理文本
2026-07-18 16:34:40,566 - EduRAG - INFO - 开始预处理文本
2026-07-18 16:34:40,566 - EduRAG - INFO - 开始预处理文本
2026-07-18 16:34:40,566 - EduRAG - INFO - 开始预处理文本
2026-07-18 16:34:40,566 - EduRAG - INFO - 开始预处理文本
2026-07-18 16:34:40,566 - EduRAG - INFO - 开始预处理文本
2026-07-18 16:34:40,566 - EduRAG - INFO - 开始预处理文本
2026-07-18 16:34:40,566 - EduRAG - INFO - 开始预处理文本
2026-07-18 16:34:40,566 - EduRAG - INFO - 开始预处理文本
2026-07-18 16:34:40,566 - EduRAG - INFO - 开始预处理文本
2026-07-18 16:34:40,566 - EduRAG - INFO - 开始预处理文本
2026-07-18 16:34:40,566 - EduRAG - INFO - 开始预处理文本
2026-07-18 16:34:40,566 - EduRAG - INFO - 开始预处理文本
2026-07-18 16:34:40,566 - EduRAG - INFO - 开始预处理文本
2026-07-18 16:34:40,566 - EduRAG - INFO - 开始预处理文本
2026-07-18 16:34:40,566 - EduRAG - INFO - 开始预处理文本
2026-07-18 16:34:40,567 - EduRAG - INFO - 开始预处理文本
2026-07-18 16:34:40,567 - EduRAG - INFO - 开始预处理文本
2026-07-18 16:34:40,567 - EduRAG - INFO - 开始预处理文本
2026-07-18 16:34:40,567 - EduRAG - INFO - 开始预处理文本
2026-07-18 16:34:40,567 - EduRAG - INFO - 开始预处理文本
2026-07-18 16:34:40,567 - EduRAG - INFO - 开始预处理文本
2026-07-18 16:34:40,567 - EduRAG - INFO - 开始预处理文本
2026-07-18 16:34:40,567 - EduRAG - INFO - 开始预处理文本
2026-07-18 16:34:40,567 - EduRAG - INFO - 开始预处理文本
2026-07-18 16:34:40,567 - EduRAG - INFO - 开始预处理文本
2026-07-18 16:34:40,567 - EduRAG - INFO - 开始预处理文本
2026-07-18 16:34:40,568 - EduRAG - INFO - 开始预处理文本
2026-07-18 16:34:40,568 - EduRAG - INFO - 开始预处理文本
2026-07-18 16:34:40,568 - EduRAG - INFO - 开始预处理文本
2026-07-18 16:34:40,568 - EduRAG - INFO - 开始预处理文本
2026-07-18 16:34:40,568 - EduRAG - INFO - 开始预处理文本
2026-07-18 16:34:40,568 - EduRAG - INFO - 开始预处理文本
2026-07-18 16:34:40,568 - EduRAG - INFO - 开始预处理文本
2026-07-18 16:34:40,568 - EduRAG - INFO - 开始预处理文本
2026-07-18 16:34:40,568 - EduRAG - INFO - 开始预处理文本
2026-07-18 16:34:40,568 - EduRAG - INFO - 开始预处理文本
2026-07-18 16:34:40,568 - EduRAG - INFO - 开始预处理文本
2026-07-18 16:34:40,568 - EduRAG - INFO - 开始预处理文本
2026-07-18 16:34:40,568 - EduRAG - INFO - 开始预处理文本
2026-07-18 16:34:40,568 - EduRAG - INFO - 开始预处理文本
2026-07-18 16:34:40,569 - EduRAG - INFO - 开始预处理文本
2026-07-18 16:34:40,569 - EduRAG - INFO - 开始预处理文本
2026-07-18 16:34:40,569 - EduRAG - INFO - 开始预处理文本
2026-07-18 16:34:40,569 - EduRAG - INFO - 开始预处理文本
2026-07-18 16:34:40,569 - EduRAG - INFO - 开始预处理文本
2026-07-18 16:34:40,569 - EduRAG - INFO - 开始预处理文本
2026-07-18 16:34:40,569 - EduRAG - INFO - 开始预处理文本
2026-07-18 16:34:40,569 - EduRAG - INFO - 开始预处理文本
2026-07-18 16:34:40,569 - EduRAG - INFO - 开始预处理文本
2026-07-18 16:34:40,569 - EduRAG - INFO - 开始预处理文本
2026-07-18 16:34:40,569 - EduRAG - INFO - 开始预处理文本
2026-07-18 16:34:40,569 - EduRAG - INFO - 开始预处理文本
2026-07-18 16:34:40,569 - EduRAG - INFO - 开始预处理文本
2026-07-18 16:34:40,569 - EduRAG - INFO - 开始预处理文本
2026-07-18 16:34:40,569 - EduRAG - INFO - 开始预处理文本
2026-07-18 16:34:40,570 - EduRAG - INFO - 开始预处理文本
2026-07-18 16:34:40,570 - EduRAG - INFO - 开始预处理文本
2026-07-18 16:34:40,570 - EduRAG - INFO - 开始预处理文本
2026-07-18 16:34:40,570 - EduRAG - INFO - 开始预处理文本
2026-07-18 16:34:40,570 - EduRAG - INFO - 开始预处理文本
2026-07-18 16:34:40,570 - EduRAG - INFO - 开始预处理文本
2026-07-18 16:34:40,570 - EduRAG - INFO - 开始预处理文本
2026-07-18 16:34:40,570 - EduRAG - INFO - 开始预处理文本
2026-07-18 16:34:40,570 - EduRAG - INFO - 开始预处理文本
2026-07-18 16:34:40,570 - EduRAG - INFO - 开始预处理文本
2026-07-18 16:34:40,570 - EduRAG - INFO - 开始预处理文本
2026-07-18 16:34:40,570 - EduRAG - INFO - 开始预处理文本
2026-07-18 16:34:40,570 - EduRAG - INFO - 开始预处理文本
2026-07-18 16:34:40,570 - EduRAG - INFO - 开始预处理文本
2026-07-18 16:34:40,570 - EduRAG - INFO - 开始预处理文本
2026-07-18 16:34:40,570 - EduRAG - INFO - 开始预处理文本
2026-07-18 16:34:40,571 - EduRAG - INFO - 开始预处理文本
2026-07-18 16:34:40,571 - EduRAG - INFO - 开始预处理文本
2026-07-18 16:34:40,571 - EduRAG - INFO - 开始预处理文本
2026-07-18 16:34:40,571 - EduRAG - INFO - 开始预处理文本
2026-07-18 16:34:40,571 - EduRAG - INFO - 开始预处理文本
2026-07-18 16:34:40,571 - EduRAG - INFO - 开始预处理文本
2026-07-18 16:34:40,571 - EduRAG - INFO - 开始预处理文本
2026-07-18 16:34:40,571 - EduRAG - INFO - 开始预处理文本
2026-07-18 16:34:40,571 - EduRAG - INFO - 开始预处理文本
2026-07-18 16:34:40,571 - EduRAG - INFO - 开始预处理文本
2026-07-18 16:34:40,571 - EduRAG - INFO - 开始预处理文本
2026-07-18 16:34:40,571 - EduRAG - INFO - 开始预处理文本
2026-07-18 16:34:40,572 - EduRAG - INFO - 开始预处理文本
2026-07-18 16:34:40,572 - EduRAG - INFO - 开始预处理文本
2026-07-18 16:34:40,572 - EduRAG - INFO - 开始预处理文本
2026-07-18 16:34:40,572 - EduRAG - INFO - 开始预处理文本
2026-07-18 16:34:40,572 - EduRAG - INFO - 开始预处理文本
2026-07-18 16:34:40,572 - EduRAG - INFO - 开始预处理文本
2026-07-18 16:34:40,572 - EduRAG - INFO - 开始预处理文本
2026-07-18 16:34:40,572 - EduRAG - INFO - 开始预处理文本
2026-07-18 16:34:40,572 - EduRAG - INFO - 开始预处理文本
2026-07-18 16:34:40,572 - EduRAG - INFO - 开始预处理文本
2026-07-18 16:34:40,572 - EduRAG - INFO - 开始预处理文本
2026-07-18 16:34:40,572 - EduRAG - INFO - 开始预处理文本
2026-07-18 16:34:40,573 - EduRAG - INFO - 开始预处理文本
2026-07-18 16:34:40,573 - EduRAG - INFO - 开始预处理文本
2026-07-18 16:34:40,573 - EduRAG - INFO - 开始预处理文本
2026-07-18 16:34:40,573 - EduRAG - INFO - 开始预处理文本
2026-07-18 16:34:40,573 - EduRAG - INFO - 开始预处理文本
2026-07-18 16:34:40,573 - EduRAG - INFO - 开始预处理文本
2026-07-18 16:34:40,573 - EduRAG - INFO - 开始预处理文本
2026-07-18 16:34:40,573 - EduRAG - INFO - 开始预处理文本
2026-07-18 16:34:40,573 - EduRAG - INFO - 开始预处理文本
2026-07-18 16:34:40,573 - EduRAG - INFO - 开始预处理文本
2026-07-18 16:34:40,573 - EduRAG - INFO - 开始预处理文本
2026-07-18 16:34:40,573 - EduRAG - INFO - 开始预处理文本
2026-07-18 16:34:40,573 - EduRAG - INFO - 开始预处理文本
2026-07-18 16:34:40,573 - EduRAG - INFO - 开始预处理文本
2026-07-18 16:34:40,574 - EduRAG - INFO - 开始预处理文本
2026-07-18 16:34:40,574 - EduRAG - INFO - 开始预处理文本
2026-07-18 16:34:40,574 - EduRAG - INFO - 开始预处理文本
2026-07-18 16:34:40,574 - EduRAG - INFO - 开始预处理文本
2026-07-18 16:34:40,574 - EduRAG - INFO - 开始预处理文本
2026-07-18 16:34:40,574 - EduRAG - INFO - 开始预处理文本
2026-07-18 16:34:40,574 - EduRAG - INFO - 开始预处理文本
2026-07-18 16:34:40,574 - EduRAG - INFO - 开始预处理文本
2026-07-18 16:34:40,574 - EduRAG - INFO - 开始预处理文本
2026-07-18 16:34:40,574 - EduRAG - INFO - 开始预处理文本
2026-07-18 16:34:40,574 - EduRAG - INFO - 开始预处理文本
2026-07-18 16:34:40,574 - EduRAG - INFO - 开始预处理文本
2026-07-18 16:34:40,574 - EduRAG - INFO - 开始预处理文本
2026-07-18 16:34:40,575 - EduRAG - INFO - 开始预处理文本
2026-07-18 16:34:40,575 - EduRAG - INFO - 开始预处理文本
2026-07-18 16:34:40,575 - EduRAG - INFO - 开始预处理文本
2026-07-18 16:34:40,575 - EduRAG - INFO - 开始预处理文本
2026-07-18 16:34:40,575 - EduRAG - INFO - 开始预处理文本
2026-07-18 16:34:40,575 - EduRAG - INFO - 开始预处理文本
2026-07-18 16:34:40,575 - EduRAG - INFO - 开始预处理文本
2026-07-18 16:34:40,575 - EduRAG - INFO - 开始预处理文本
2026-07-18 16:34:40,575 - EduRAG - INFO - 开始预处理文本
2026-07-18 16:34:40,575 - EduRAG - INFO - 开始预处理文本
2026-07-18 16:34:40,575 - EduRAG - INFO - 开始预处理文本
2026-07-18 16:34:40,575 - EduRAG - INFO - 开始预处理文本
2026-07-18 16:34:40,575 - EduRAG - INFO - 开始预处理文本
2026-07-18 16:34:40,576 - EduRAG - INFO - 开始预处理文本
2026-07-18 16:34:40,576 - EduRAG - INFO - 开始预处理文本
2026-07-18 16:34:40,576 - EduRAG - INFO - 开始预处理文本
2026-07-18 16:34:40,576 - EduRAG - INFO - 开始预处理文本
2026-07-18 16:34:40,576 - EduRAG - INFO - 开始预处理文本
2026-07-18 16:34:40,576 - EduRAG - INFO - 开始预处理文本
2026-07-18 16:34:40,576 - EduRAG - INFO - 开始预处理文本
2026-07-18 16:34:40,576 - EduRAG - INFO - 开始预处理文本
2026-07-18 16:34:40,576 - EduRAG - INFO - 开始预处理文本
2026-07-18 16:34:40,576 - EduRAG - INFO - 开始预处理文本
2026-07-18 16:34:40,576 - EduRAG - INFO - 开始预处理文本
2026-07-18 16:34:40,577 - EduRAG - INFO - 开始预处理文本
2026-07-18 16:34:40,577 - EduRAG - INFO - 开始预处理文本
2026-07-18 16:34:40,577 - EduRAG - INFO - 开始预处理文本
2026-07-18 16:34:40,577 - EduRAG - INFO - 开始预处理文本
2026-07-18 16:34:40,577 - EduRAG - INFO - 开始预处理文本
2026-07-18 16:34:40,577 - EduRAG - INFO - 开始预处理文本
2026-07-18 16:34:40,577 - EduRAG - INFO - 开始预处理文本
2026-07-18 16:34:40,577 - EduRAG - INFO - 开始预处理文本
2026-07-18 16:34:40,577 - EduRAG - INFO - 开始预处理文本
2026-07-18 16:34:40,577 - EduRAG - INFO - 开始预处理文本
2026-07-18 16:34:40,578 - EduRAG - INFO - 开始预处理文本
2026-07-18 16:34:40,578 - EduRAG - INFO - 开始预处理文本
2026-07-18 16:34:40,578 - EduRAG - INFO - 开始预处理文本
2026-07-18 16:34:40,578 - EduRAG - INFO - 开始预处理文本
2026-07-18 16:34:40,578 - EduRAG - INFO - 开始预处理文本
2026-07-18 16:34:40,578 - EduRAG - INFO - 开始预处理文本
2026-07-18 16:34:40,578 - EduRAG - INFO - 开始预处理文本
2026-07-18 16:34:40,578 - EduRAG - INFO - 开始预处理文本
2026-07-18 16:34:40,578 - EduRAG - INFO - 开始预处理文本
2026-07-18 16:34:40,578 - EduRAG - INFO - 开始预处理文本
2026-07-18 16:34:40,578 - EduRAG - INFO - 开始预处理文本
2026-07-18 16:34:40,578 - EduRAG - INFO - 开始预处理文本
2026-07-18 16:34:40,579 - EduRAG - INFO - 开始预处理文本
2026-07-18 16:34:40,579 - EduRAG - INFO - 开始预处理文本
2026-07-18 16:34:40,579 - EduRAG - INFO - 开始预处理文本
2026-07-18 16:34:40,579 - EduRAG - INFO - 开始预处理文本
2026-07-18 16:34:40,579 - EduRAG - INFO - 开始预处理文本
2026-07-18 16:34:40,579 - EduRAG - INFO - 开始预处理文本
2026-07-18 16:34:40,579 - EduRAG - INFO - 开始预处理文本
2026-07-18 16:34:40,579 - EduRAG - INFO - 开始预处理文本
2026-07-18 16:34:40,579 - EduRAG - INFO - 开始预处理文本
2026-07-18 16:34:40,579 - EduRAG - INFO - 开始预处理文本
2026-07-18 16:34:40,579 - EduRAG - INFO - 开始预处理文本
2026-07-18 16:34:40,579 - EduRAG - INFO - 开始预处理文本
2026-07-18 16:34:40,579 - EduRAG - INFO - 开始预处理文本
2026-07-18 16:34:40,579 - EduRAG - INFO - 开始预处理文本
2026-07-18 16:34:40,580 - EduRAG - INFO - 开始预处理文本
2026-07-18 16:34:40,580 - EduRAG - INFO - 开始预处理文本
2026-07-18 16:34:40,580 - EduRAG - INFO - 开始预处理文本
2026-07-18 16:34:40,580 - EduRAG - INFO - 开始预处理文本
2026-07-18 16:34:40,580 - EduRAG - INFO - 开始预处理文本
2026-07-18 16:34:40,580 - EduRAG - INFO - 开始预处理文本
2026-07-18 16:34:40,580 - EduRAG - INFO - 开始预处理文本
2026-07-18 16:34:40,580 - EduRAG - INFO - 开始预处理文本
2026-07-18 16:34:40,580 - EduRAG - INFO - 开始预处理文本
2026-07-18 16:34:40,580 - EduRAG - INFO - 开始预处理文本
2026-07-18 16:34:40,580 - EduRAG - INFO - 开始预处理文本
2026-07-18 16:34:40,580 - EduRAG - INFO - 开始预处理文本
2026-07-18 16:34:40,581 - EduRAG - INFO - 开始预处理文本
2026-07-18 16:34:40,581 - EduRAG - INFO - 开始预处理文本
2026-07-18 16:34:40,581 - EduRAG - INFO - 开始预处理文本
2026-07-18 16:34:40,581 - EduRAG - INFO - 开始预处理文本
2026-07-18 16:34:40,581 - EduRAG - INFO - 开始预处理文本
2026-07-18 16:34:40,581 - EduRAG - INFO - 开始预处理文本
2026-07-18 16:34:40,581 - EduRAG - INFO - 开始预处理文本
2026-07-18 16:34:40,581 - EduRAG - INFO - 开始预处理文本
2026-07-18 16:34:40,581 - EduRAG - INFO - 开始预处理文本
2026-07-18 16:34:40,581 - EduRAG - INFO - 开始预处理文本
2026-07-18 16:34:40,581 - EduRAG - INFO - 开始预处理文本
2026-07-18 16:34:40,581 - EduRAG - INFO - 开始预处理文本
2026-07-18 16:34:40,581 - EduRAG - INFO - 开始预处理文本
2026-07-18 16:34:40,581 - EduRAG - INFO - 开始预处理文本
2026-07-18 16:34:40,581 - EduRAG - INFO - 开始预处理文本
2026-07-18 16:34:40,581 - EduRAG - INFO - 开始预处理文本
2026-07-18 16:34:40,581 - EduRAG - INFO - 开始预处理文本
2026-07-18 16:34:40,582 - EduRAG - INFO - 开始预处理文本
2026-07-18 16:34:40,582 - EduRAG - INFO - 开始预处理文本
2026-07-18 16:34:40,582 - EduRAG - INFO - 开始预处理文本
2026-07-18 16:34:40,582 - EduRAG - INFO - 开始预处理文本
2026-07-18 16:34:40,582 - EduRAG - INFO - 开始预处理文本
2026-07-18 16:34:40,582 - EduRAG - INFO - 开始预处理文本
2026-07-18 16:34:40,582 - EduRAG - INFO - 开始预处理文本
2026-07-18 16:34:40,582 - EduRAG - INFO - 开始预处理文本
2026-07-18 16:34:40,582 - EduRAG - INFO - 开始预处理文本
2026-07-18 16:34:40,582 - EduRAG - INFO - 开始预处理文本
2026-07-18 16:34:40,582 - EduRAG - INFO - 开始预处理文本
2026-07-18 16:34:40,582 - EduRAG - INFO - 开始预处理文本
2026-07-18 16:34:40,582 - EduRAG - INFO - 开始预处理文本
2026-07-18 16:34:40,582 - EduRAG - INFO - 开始预处理文本
2026-07-18 16:34:40,582 - EduRAG - INFO - 开始预处理文本
2026-07-18 16:34:40,582 - EduRAG - INFO - 开始预处理文本
2026-07-18 16:34:40,583 - EduRAG - INFO - 开始预处理文本
2026-07-18 16:34:40,583 - EduRAG - INFO - 开始预处理文本
2026-07-18 16:34:40,583 - EduRAG - INFO - 开始预处理文本
2026-07-18 16:34:40,583 - EduRAG - INFO - 开始预处理文本
2026-07-18 16:34:40,583 - EduRAG - INFO - 开始预处理文本
2026-07-18 16:34:40,583 - EduRAG - INFO - 开始预处理文本
2026-07-18 16:34:40,583 - EduRAG - INFO - 开始预处理文本
2026-07-18 16:34:40,583 - EduRAG - INFO - 开始预处理文本
2026-07-18 16:34:40,583 - EduRAG - INFO - 开始预处理文本
2026-07-18 16:34:40,583 - EduRAG - INFO - 开始预处理文本
2026-07-18 16:34:40,583 - EduRAG - INFO - 开始预处理文本
2026-07-18 16:34:40,583 - EduRAG - INFO - 开始预处理文本
2026-07-18 16:34:40,583 - EduRAG - INFO - 开始预处理文本
2026-07-18 16:34:40,583 - EduRAG - INFO - 开始预处理文本
2026-07-18 16:34:40,583 - EduRAG - INFO - 开始预处理文本
2026-07-18 16:34:40,583 - EduRAG - INFO - 开始预处理文本
2026-07-18 16:34:40,584 - EduRAG - INFO - 开始预处理文本
2026-07-18 16:34:40,584 - EduRAG - INFO - 开始预处理文本
2026-07-18 16:34:40,584 - EduRAG - INFO - 开始预处理文本
2026-07-18 16:34:40,584 - EduRAG - INFO - 开始预处理文本
2026-07-18 16:34:40,584 - EduRAG - INFO - 开始预处理文本
2026-07-18 16:34:40,584 - EduRAG - INFO - 开始预处理文本
2026-07-18 16:34:40,584 - EduRAG - INFO - 开始预处理文本
2026-07-18 16:34:40,584 - EduRAG - INFO - 开始预处理文本
2026-07-18 16:34:40,584 - EduRAG - INFO - 开始预处理文本
2026-07-18 16:34:40,585 - EduRAG - INFO - 开始预处理文本
2026-07-18 16:34:40,585 - EduRAG - INFO - 开始预处理文本
2026-07-18 16:34:40,585 - EduRAG - INFO - 开始预处理文本
2026-07-18 16:34:40,585 - EduRAG - INFO - 开始预处理文本
2026-07-18 16:34:40,585 - EduRAG - INFO - 开始预处理文本
2026-07-18 16:34:40,585 - EduRAG - INFO - 开始预处理文本
2026-07-18 16:34:40,585 - EduRAG - INFO - 开始预处理文本
2026-07-18 16:34:40,585 - EduRAG - INFO - 开始预处理文本
2026-07-18 16:34:40,585 - EduRAG - INFO - 开始预处理文本
2026-07-18 16:34:40,585 - EduRAG - INFO - 开始预处理文本
2026-07-18 16:34:40,585 - EduRAG - INFO - 开始预处理文本
2026-07-18 16:34:40,586 - EduRAG - INFO - 开始预处理文本
2026-07-18 16:34:40,586 - EduRAG - INFO - 开始预处理文本
2026-07-18 16:34:40,586 - EduRAG - INFO - 开始预处理文本
2026-07-18 16:34:40,586 - EduRAG - INFO - 开始预处理文本
2026-07-18 16:34:40,586 - EduRAG - INFO - 开始预处理文本
2026-07-18 16:34:40,586 - EduRAG - INFO - 开始预处理文本
2026-07-18 16:34:40,586 - EduRAG - INFO - 开始预处理文本
2026-07-18 16:34:40,586 - EduRAG - INFO - 开始预处理文本
2026-07-18 16:34:40,586 - EduRAG - INFO - 开始预处理文本
2026-07-18 16:34:40,586 - EduRAG - INFO - 开始预处理文本
2026-07-18 16:34:40,586 - EduRAG - INFO - 开始预处理文本
2026-07-18 16:34:40,586 - EduRAG - INFO - 开始预处理文本
2026-07-18 16:34:40,586 - EduRAG - INFO - 开始预处理文本
2026-07-18 16:34:40,586 - EduRAG - INFO - 开始预处理文本
2026-07-18 16:34:40,586 - EduRAG - INFO - 开始预处理文本
2026-07-18 16:34:40,587 - EduRAG - INFO - 开始预处理文本
2026-07-18 16:34:40,587 - EduRAG - INFO - 开始预处理文本
2026-07-18 16:34:40,587 - EduRAG - INFO - 开始预处理文本
2026-07-18 16:34:40,587 - EduRAG - INFO - 开始预处理文本
2026-07-18 16:34:40,587 - EduRAG - INFO - 开始预处理文本
2026-07-18 16:34:40,587 - EduRAG - INFO - 开始预处理文本
2026-07-18 16:34:40,587 - EduRAG - INFO - 开始预处理文本
2026-07-18 16:34:40,587 - EduRAG - INFO - 开始预处理文本
2026-07-18 16:34:40,587 - EduRAG - INFO - 开始预处理文本
2026-07-18 16:34:41,024 - EduRAG - INFO - 存储数据到 Redis: qa_original_questions
2026-07-18 16:34:41,456 - EduRAG - INFO - 存储数据到 Redis: qa_tokenized_questions
2026-07-18 16:34:41,457 - EduRAG - INFO - BM25模型初始化完成
2026-07-18 16:34:41,673 - EduRAG - INFO - bm25搜索 没有在缓存中 获取答案: 什么是AI
2026-07-18 16:34:41,673 - EduRAG - INFO - 开始预处理文本
2026-07-18 16:34:41,680 - EduRAG - INFO - 未找到可靠答案，最高 Softmax 相似度: 0.188
2026-07-18 16:43:28,559 - EduRAG - INFO - Redis 连接成功
2026-07-18 16:43:30,491 - EduRAG - INFO - MySQL连接成功
2026-07-18 16:43:34,284 - EduRAG - INFO - BM25模型初始化完成
2026-07-18 16:43:34,500 - EduRAG - INFO - bm25搜索 没有在缓存中 获取答案: redis 设置密码访问
2026-07-18 16:43:34,500 - EduRAG - INFO - 开始预处理文本
2026-07-18 16:43:36,097 - EduRAG - INFO - mysql成功获取answer
2026-07-18 16:43:36,316 - EduRAG - INFO - 存储数据到 Redis: answer:redis 设置密码访问
2026-07-18 16:43:36,316 - EduRAG - INFO - 搜索成功，Softmax 相似度: 1.000
2026-07-18 16:46:17,124 - EduRAG - INFO - Redis 连接成功
2026-07-18 16:46:19,722 - EduRAG - INFO - MySQL连接成功
2026-07-18 16:46:22,725 - EduRAG - INFO - BM25模型初始化完成
2026-07-18 16:46:22,953 - EduRAG - INFO - 从 Redis 获取答案: redis 设置密码访问
2026-07-18 16:46:22,954 - EduRAG - INFO - bm25搜索 从缓存中 获取答案: redis 设置密码访问
2026-07-18 16:46:39,500 - EduRAG - INFO - Redis 连接成功
2026-07-18 16:46:42,343 - EduRAG - INFO - MySQL连接成功
2026-07-18 16:46:44,809 - EduRAG - INFO - BM25模型初始化完成
2026-07-18 16:46:45,029 - EduRAG - INFO - 从 Redis 获取答案: redis 设置密码访问
2026-07-18 16:46:45,029 - EduRAG - INFO - bm25搜索 从缓存中 获取答案: redis 设置密码访问
2026-07-18 16:51:43,993 - EduRAG - INFO - Redis 连接成功
2026-07-18 16:51:45,885 - EduRAG - INFO - MySQL连接成功
2026-07-18 16:51:52,682 - EduRAG - INFO - BM25模型初始化完成
2026-07-18 16:51:52,919 - EduRAG - INFO - 从 Redis 获取答案: redis 设置密码访问
2026-07-18 16:51:52,920 - EduRAG - INFO - bm25搜索 从缓存中 获取答案: redis 设置密码访问
2026-07-18 16:52:13,145 - EduRAG - INFO - Redis 连接成功
2026-07-18 16:52:15,346 - EduRAG - INFO - MySQL连接成功
2026-07-18 16:52:17,445 - EduRAG - INFO - BM25模型初始化完成
2026-07-18 16:52:17,651 - EduRAG - INFO - 从 Redis 获取答案: redis 设置密码访问
2026-07-18 16:52:17,652 - EduRAG - INFO - bm25搜索 从缓存中 获取答案: redis 设置密码访问
2026-07-18 17:03:58,108 - EduRAG - INFO - MySQL连接成功
2026-07-18 17:03:58,128 - EduRAG - INFO - Redis 连接成功
2026-07-18 17:04:00,502 - EduRAG - INFO - BM25模型初始化完成
2026-07-18 17:04:22,663 - EduRAG - INFO - 处理查询: 'redis设置密码访问'
2026-07-18 17:04:22,874 - EduRAG - INFO - bm25搜索 没有在缓存中 获取答案: redis设置密码访问
2026-07-18 17:04:22,874 - EduRAG - INFO - 开始预处理文本
2026-07-18 17:04:23,402 - EduRAG - INFO - mysql成功获取answer
2026-07-18 17:04:23,612 - EduRAG - INFO - 存储数据到 Redis: answer:redis设置密码访问
2026-07-18 17:04:23,612 - EduRAG - INFO - 搜索成功，Softmax 相似度: 1.000
2026-07-18 17:04:23,612 - EduRAG - INFO - MySQL 答案: 
找到配置文件/etc/redis/redis.conf，添加：
requirepass 123

把访问密码 设置成123.


连接到redis中，执行：keys * 命令，发现 不能访问数据库了。

然后执行 ：auth 123 ,又可以访问了哈哈。
2026-07-18 17:04:23,612 - EduRAG - INFO - 查询处理耗时 0.95秒
2026-07-18 17:04:42,343 - EduRAG - INFO - 退出 MySQL 系统
2026-07-18 17:04:42,344 - EduRAG - INFO - MySQL 连接已关闭
2026-07-18 17:04:54,119 - EduRAG - INFO - MySQL连接成功
2026-07-18 17:04:54,136 - EduRAG - INFO - Redis 连接成功
2026-07-18 17:04:56,281 - EduRAG - INFO - BM25模型初始化完成
2026-07-18 17:05:00,562 - EduRAG - INFO - 处理查询: '你是谁'
2026-07-18 17:05:00,776 - EduRAG - INFO - bm25搜索 没有在缓存中 获取答案: 你是谁
2026-07-18 17:05:00,776 - EduRAG - INFO - 开始预处理文本
2026-07-18 17:05:01,065 - EduRAG - INFO - 未找到可靠答案，最高 Softmax 相似度: 0.449
2026-07-18 17:05:01,065 - EduRAG - INFO - SQL中未找到答案, 需要调用RAG系统
2026-07-18 17:05:01,065 - EduRAG - INFO - 查询处理耗时 0.50秒
2026-07-18 17:05:05,834 - EduRAG - INFO - 退出 MySQL 系统
2026-07-18 17:05:05,835 - EduRAG - INFO - MySQL 连接已关闭
2026-07-18 17:05:58,971 - EduRAG - INFO - Redis 连接成功
2026-07-18 17:06:00,896 - EduRAG - INFO - MySQL连接成功
2026-07-18 17:06:04,798 - EduRAG - INFO - BM25模型初始化完成
2026-07-18 17:06:05,031 - EduRAG - INFO - 从 Redis 获取答案: redis 设置密码访问
2026-07-18 17:06:05,031 - EduRAG - INFO - bm25搜索 从缓存中 获取答案: redis 设置密码访问
2026-07-19 09:09:14,242 - EduRAG - INFO - MySQL连接成功
2026-07-19 09:09:14,257 - EduRAG - INFO - Redis 连接成功
2026-07-19 09:09:16,573 - EduRAG - INFO - BM25模型初始化完成
2026-07-19 09:09:43,156 - EduRAG - INFO - 处理查询: '什么是Vmware'
2026-07-19 09:09:43,385 - EduRAG - INFO - bm25搜索 没有在缓存中 获取答案: 什么是Vmware
2026-07-19 09:09:43,385 - EduRAG - INFO - 开始预处理文本
2026-07-19 09:09:43,677 - EduRAG - INFO - 未找到可靠答案，最高 Softmax 相似度: 0.163
2026-07-19 09:09:43,678 - EduRAG - INFO - SQL中未找到答案, 需要调用RAG系统
2026-07-19 09:09:43,678 - EduRAG - INFO - 查询处理耗时 0.52秒
2026-07-19 09:10:08,136 - EduRAG - INFO - 处理查询: 'redis 设置密码访问'
2026-07-19 09:10:08,363 - EduRAG - INFO - 从 Redis 获取答案: redis 设置密码访问
2026-07-19 09:10:08,364 - EduRAG - INFO - bm25搜索 从缓存中 获取答案: redis 设置密码访问
2026-07-19 09:10:08,364 - EduRAG - INFO - MySQL 答案: 
找到配置文件/etc/redis/redis.conf，添加：
requirepass 123

把访问密码 设置成123.


连接到redis中，执行：keys * 命令，发现 不能访问数据库了。

然后执行 ：auth 123 ,又可以访问了哈哈。
2026-07-19 09:10:08,365 - EduRAG - INFO - 查询处理耗时 0.23秒
2026-07-19 09:10:27,398 - EduRAG - INFO - 退出 MySQL 系统
2026-07-19 09:10:27,399 - EduRAG - INFO - MySQL 连接已关闭
